test_cache_readback_failure_rolls_back_candidate_after_durable_acceptance (test_collector_native_reliability.CollectorNativeReliabilityTests.test_cache_readback_failure_rolls_back_candidate_after_durable_acceptance) ... ok
test_canonical_change_comparison_ignores_observation_timestamp_only (test_collector_native_reliability.CollectorNativeReliabilityTests.test_canonical_change_comparison_ignores_observation_timestamp_only) ... ok
test_durable_publish_failure_preserves_both_last_good_cache_values (test_collector_native_reliability.CollectorNativeReliabilityTests.test_durable_publish_failure_preserves_both_last_good_cache_values) ... ok
test_failed_dependency_blocks_events_but_does_not_block_independent_source (test_collector_native_reliability.CollectorNativeReliabilityTests.test_failed_dependency_blocks_events_but_does_not_block_independent_source) ... ok
test_failure_diagnostic_drops_raw_message_and_untrusted_url_parts (test_collector_native_reliability.CollectorNativeReliabilityTests.test_failure_diagnostic_drops_raw_message_and_untrusted_url_parts) ... ok
test_http_503_durable_receipt_is_trusted_only_for_matching_candidate_clock (test_collector_native_reliability.CollectorNativeReliabilityTests.test_http_503_durable_receipt_is_trusted_only_for_matching_candidate_clock) ... ok
test_incremental_canonical_write_failure_retains_pending_fact_for_same_bucket_retry (test_collector_native_reliability.CollectorNativeReliabilityTests.test_incremental_canonical_write_failure_retains_pending_fact_for_same_bucket_retry) ... ok
test_incremental_empty_scan_does_not_advance_global_snapshot (test_collector_native_reliability.CollectorNativeReliabilityTests.test_incremental_empty_scan_does_not_advance_global_snapshot) ... ok
test_incremental_pending_write_failure_keeps_candidate_retryable (test_collector_native_reliability.CollectorNativeReliabilityTests.test_incremental_pending_write_failure_keeps_candidate_retryable) ... ok
test_incremental_revision_keeps_last_complete_anchor_and_inherits_known_failures (test_collector_native_reliability.CollectorNativeReliabilityTests.test_incremental_revision_keeps_last_complete_anchor_and_inherits_known_failures) ... ok
test_incremental_same_facts_with_new_observed_at_does_not_publish (test_collector_native_reliability.CollectorNativeReliabilityTests.test_incremental_same_facts_with_new_observed_at_does_not_publish) ... ok
test_missing_canonical_shard_with_confirmed_snapshot_never_falls_back_to_seed (test_collector_native_reliability.CollectorNativeReliabilityTests.test_missing_canonical_shard_with_confirmed_snapshot_never_falls_back_to_seed) ... ok
test_real_tjmugh_adapter_reverification_changes_no_canonical_facts (test_collector_native_reliability.CollectorNativeReliabilityTests.test_real_tjmugh_adapter_reverification_changes_no_canonical_facts) ... ok
test_run_stage_completion_status_write_failure_is_structured_503 (test_collector_native_reliability.CollectorNativeReliabilityTests.test_run_stage_completion_status_write_failure_is_structured_503) ... ok
test_run_stage_keeps_source_failure_when_failure_status_write_fails (test_collector_native_reliability.CollectorNativeReliabilityTests.test_run_stage_keeps_source_failure_when_failure_status_write_fails) ... ok
test_run_stage_reports_matching_durable_acceptance_after_http_failure (test_collector_native_reliability.CollectorNativeReliabilityTests.test_run_stage_reports_matching_durable_acceptance_after_http_failure) ... ok
test_run_stage_reports_state_read_failure_as_structured_503 (test_collector_native_reliability.CollectorNativeReliabilityTests.test_run_stage_reports_state_read_failure_as_structured_503) ... ok
test_terminal_failure_advances_queue_without_starting_intraday (test_collector_native_reliability.CollectorNativeReliabilityTests.test_terminal_failure_advances_queue_without_starting_intraday) ... ok
test_wrapped_http_403_codes_map_to_access_denied (test_collector_native_reliability.CollectorNativeReliabilityTests.test_wrapped_http_403_codes_map_to_access_denied) ... ok
test_zero_opportunity_pool_acknowledgement_is_valid (test_collector_native_reliability.CollectorNativeReliabilityTests.test_zero_opportunity_pool_acknowledgement_is_valid) ... ok
test_cache_migration_recovery_cycle_is_narrow_and_deterministic (test_collector_run_security.CollectorRunSecurityTests.test_cache_migration_recovery_cycle_is_narrow_and_deterministic) ... ok
test_cache_migration_recovery_ignores_only_stale_regional_running_stages (test_collector_run_security.CollectorRunSecurityTests.test_cache_migration_recovery_ignores_only_stale_regional_running_stages) ... ok
test_temporary_acceptance_probe_is_removed (test_collector_run_security.CollectorRunSecurityTests.test_temporary_acceptance_probe_is_removed) ... ok
test_trigger_requires_cron_secret_and_bearer_auth_fail_closed (test_collector_run_security.CollectorRunSecurityTests.test_trigger_requires_cron_secret_and_bearer_auth_fail_closed) ... ok
test_trigger_requires_cron_secret_before_reading_incremental_query (test_collector_run_security.CollectorRunSecurityTests.test_trigger_requires_cron_secret_before_reading_incremental_query) ... ok
test_bootstrap_never_uses_private_customer_context (test_incremental_collector_bootstrap.IncrementalCollectorBootstrapTests.test_bootstrap_never_uses_private_customer_context) ... ok
test_changed_index_fingerprint_can_never_be_erased_by_older_canonical_state (test_incremental_collector_bootstrap.IncrementalCollectorBootstrapTests.test_changed_index_fingerprint_can_never_be_erased_by_older_canonical_state) ... ok
test_existing_failed_or_unverified_ledger_can_still_be_repaired_by_newer_canonical_fact (test_incremental_collector_bootstrap.IncrementalCollectorBootstrapTests.test_existing_failed_or_unverified_ledger_can_still_be_repaired_by_newer_canonical_fact) ... ok
test_newer_failed_or_unverified_incremental_state_blocks_stale_canonical_repair (test_incremental_collector_bootstrap.IncrementalCollectorBootstrapTests.test_newer_failed_or_unverified_incremental_state_blocks_stale_canonical_repair) ... ok
test_reconcile_keeps_source_level_ledger_clock_monotonic (test_incremental_collector_bootstrap.IncrementalCollectorBootstrapTests.test_reconcile_keeps_source_level_ledger_clock_monotonic) ... ok
test_reconcile_reuses_real_discovery_and_never_becomes_second_fact_source (test_incremental_collector_bootstrap.IncrementalCollectorBootstrapTests.test_reconcile_reuses_real_discovery_and_never_becomes_second_fact_source) ... ok
test_runtime_discovers_once_then_reconciles_before_detail_planning (test_incremental_collector_bootstrap.IncrementalCollectorBootstrapTests.test_runtime_discovers_once_then_reconciles_before_detail_planning) ... ok
test_tjfch_tracked_fingerprint_bridge_requires_canonical_after_prior_index_observation (test_incremental_collector_bootstrap.IncrementalCollectorBootstrapTests.test_tjfch_tracked_fingerprint_bridge_requires_canonical_after_prior_index_observation) ... ok
test_url_match_alone_still_cannot_claim_current_discovery_metadata_verified (test_incremental_collector_bootstrap.IncrementalCollectorBootstrapTests.test_url_match_alone_still_cannot_claim_current_discovery_metadata_verified) ... ok
test_bucket_id_is_idempotent_inside_same_scan_interval (test_incremental_collector_planner.IncrementalCollectorPlannerTests.test_bucket_id_is_idempotent_inside_same_scan_interval) ... ok
test_carryover_is_bounded_and_eventually_left_to_daily_deep_reconciliation (test_incremental_collector_planner.IncrementalCollectorPlannerTests.test_carryover_is_bounded_and_eventually_left_to_daily_deep_reconciliation) ... ok
test_current_planning_policy_does_not_enable_hourly_full_detail_scrapes (test_incremental_collector_planner.IncrementalCollectorPlannerTests.test_current_planning_policy_does_not_enable_hourly_full_detail_scrapes) ... ok
test_deferred_candidate_survives_later_discovery_truncation (test_incremental_collector_planner.IncrementalCollectorPlannerTests.test_deferred_candidate_survives_later_discovery_truncation) ... ok
test_detail_budget_prioritizes_newest_candidate_within_same_priority (test_incremental_collector_planner.IncrementalCollectorPlannerTests.test_detail_budget_prioritizes_newest_candidate_within_same_priority) ... ok
test_duplicate_candidate_url_is_verified_once_per_scan (test_incremental_collector_planner.IncrementalCollectorPlannerTests.test_duplicate_candidate_url_is_verified_once_per_scan) ... ok
test_failure_is_retried_even_when_index_metadata_is_unchanged (test_incremental_collector_planner.IncrementalCollectorPlannerTests.test_failure_is_retried_even_when_index_metadata_is_unchanged) ... ok
test_metadata_change_forces_reverification_but_does_not_become_verified_fact (test_incremental_collector_planner.IncrementalCollectorPlannerTests.test_metadata_change_forces_reverification_but_does_not_become_verified_fact) ... ok
test_new_and_changed_candidates_win_detail_budget_before_periodic_rechecks (test_incremental_collector_planner.IncrementalCollectorPlannerTests.test_new_and_changed_candidates_win_detail_budget_before_periodic_rechecks) ... ok
test_new_candidate_requires_detail_verification (test_incremental_collector_planner.IncrementalCollectorPlannerTests.test_new_candidate_requires_detail_verification) ... ok
test_periodic_reverify_catches_same_url_detail_changes_hidden_from_index (test_incremental_collector_planner.IncrementalCollectorPlannerTests.test_periodic_reverify_catches_same_url_detail_changes_hidden_from_index) ... ok
test_verified_candidate_that_leaves_index_is_not_carried_over (test_incremental_collector_planner.IncrementalCollectorPlannerTests.test_verified_candidate_that_leaves_index_is_not_carried_over) ... ok
test_verified_unchanged_candidate_is_skipped_until_reverify_due (test_incremental_collector_planner.IncrementalCollectorPlannerTests.test_verified_unchanged_candidate_is_skipped_until_reverify_due) ... ok
test_authoritative_deep_publish_discards_all_older_incremental_staging (test_incremental_collector_runtime.IncrementalCollectorRuntimeTests.test_authoritative_deep_publish_discards_all_older_incremental_staging) ... ok
test_deep_and_incremental_mutations_are_serialized_with_runtime_leases (test_incremental_collector_runtime.IncrementalCollectorRuntimeTests.test_deep_and_incremental_mutations_are_serialized_with_runtime_leases) ... ok
test_deep_cycle_gets_priority_when_incremental_scan_is_already_active (test_incremental_collector_runtime.IncrementalCollectorRuntimeTests.test_deep_cycle_gets_priority_when_incremental_scan_is_already_active) ... ok
test_high_frequency_crons_are_not_enabled_yet (test_incremental_collector_runtime.IncrementalCollectorRuntimeTests.test_high_frequency_crons_are_not_enabled_yet) ... ok
test_incremental_detail_failure_cannot_publish_partial_public_snapshot (test_incremental_collector_runtime.IncrementalCollectorRuntimeTests.test_incremental_detail_failure_cannot_publish_partial_public_snapshot) ... ok
test_incremental_failures_leave_bucket_open_for_idempotent_retry (test_incremental_collector_runtime.IncrementalCollectorRuntimeTests.test_incremental_failures_leave_bucket_open_for_idempotent_retry) ... ok
test_incremental_ledgers_and_staging_are_public_source_scoped_not_account_scoped (test_incremental_collector_runtime.IncrementalCollectorRuntimeTests.test_incremental_ledgers_and_staging_are_public_source_scoped_not_account_scoped) ... ok
test_incremental_status_is_aggregate_only (test_incremental_collector_runtime.IncrementalCollectorRuntimeTests.test_incremental_status_is_aggregate_only) ... ok
test_incremental_trigger_reuses_existing_authenticated_function_and_queue (test_incremental_collector_runtime.IncrementalCollectorRuntimeTests.test_incremental_trigger_reuses_existing_authenticated_function_and_queue) ... ok
test_only_explicit_carryover_can_bypass_current_discovery_lookup (test_incremental_collector_runtime.IncrementalCollectorRuntimeTests.test_only_explicit_carryover_can_bypass_current_discovery_lookup) ... ok
test_staged_partial_records_commit_only_after_source_scan_is_clean (test_incremental_collector_runtime.IncrementalCollectorRuntimeTests.test_staged_partial_records_commit_only_after_source_scan_is_clean) ... ok
test_terminal_deep_paths_release_active_cycle_lease (test_incremental_collector_runtime.IncrementalCollectorRuntimeTests.test_terminal_deep_paths_release_active_cycle_lease) ... ok
test_trigger_only_activates_explicitly_implemented_incremental_sources (test_incremental_collector_runtime.IncrementalCollectorRuntimeTests.test_trigger_only_activates_explicitly_implemented_incremental_sources) ... ok
test_api_attempt_is_marked_only_after_queue_send_returns (test_incremental_collector_scheduler.IncrementalCollectorSchedulerTests.test_api_attempt_is_marked_only_after_queue_send_returns) ... ok
test_attempt_marker_rejects_unknown_sources (test_incremental_collector_scheduler.IncrementalCollectorSchedulerTests.test_attempt_marker_rejects_unknown_sources) ... ok
test_current_bucket_is_not_requeued_even_if_completed_at_is_malformed_old (test_incremental_collector_scheduler.IncrementalCollectorSchedulerTests.test_current_bucket_is_not_requeued_even_if_completed_at_is_malformed_old) ... ok
test_failed_attempt_after_quiet_scan_restores_base_retry_interval (test_incremental_collector_scheduler.IncrementalCollectorSchedulerTests.test_failed_attempt_after_quiet_scan_restores_base_retry_interval) ... ok
test_failed_queued_never_completed_source_backs_off_instead_of_starving_others (test_incremental_collector_scheduler.IncrementalCollectorSchedulerTests.test_failed_queued_never_completed_source_backs_off_instead_of_starving_others) ... ok
test_first_activation_releases_only_one_never_scanned_source (test_incremental_collector_scheduler.IncrementalCollectorSchedulerTests.test_first_activation_releases_only_one_never_scanned_source) ... ok
test_most_overdue_source_wins_but_only_one_is_selected (test_incremental_collector_scheduler.IncrementalCollectorSchedulerTests.test_most_overdue_source_wins_but_only_one_is_selected) ... ok
test_never_scanned_sources_are_bootstrapped_fairly_across_queued_ticks (test_incremental_collector_scheduler.IncrementalCollectorSchedulerTests.test_never_scanned_sources_are_bootstrapped_fairly_across_queued_ticks) ... ok
test_no_source_is_queued_before_its_interval_is_due (test_incremental_collector_scheduler.IncrementalCollectorSchedulerTests.test_no_source_is_queued_before_its_interval_is_due) ... ok
test_pending_verification_barrier_never_gets_quiet_backoff (test_incremental_collector_scheduler.IncrementalCollectorSchedulerTests.test_pending_verification_barrier_never_gets_quiet_backoff) ... ok
test_queue_start_failure_does_not_back_off_unqueued_source (test_incremental_collector_scheduler.IncrementalCollectorSchedulerTests.test_queue_start_failure_does_not_back_off_unqueued_source) ... ok
test_quiet_completed_scan_doubles_next_interval (test_incremental_collector_scheduler.IncrementalCollectorSchedulerTests.test_quiet_completed_scan_doubles_next_interval) ... ok
test_recent_failed_queued_attempt_on_completed_source_does_not_repeat_every_tick (test_incremental_collector_scheduler.IncrementalCollectorSchedulerTests.test_recent_failed_queued_attempt_on_completed_source_does_not_repeat_every_tick) ... ok
test_scheduler_never_includes_ccgp_until_event_semantics_are_ready (test_incremental_collector_scheduler.IncrementalCollectorSchedulerTests.test_scheduler_never_includes_ccgp_until_event_semantics_are_ready) ... ok
test_selection_is_side_effect_free_until_queue_accepts_source (test_incremental_collector_scheduler.IncrementalCollectorSchedulerTests.test_selection_is_side_effect_free_until_queue_accepts_source) ... ok
test_trigger_disables_incremental_selection_in_twice_daily_mode (test_incremental_collector_scheduler.IncrementalCollectorSchedulerTests.test_trigger_disables_incremental_selection_in_twice_daily_mode) ... ok

----------------------------------------------------------------------
Ran 76 tests in 0.019s

OK
