test_cache_readback_failure_rolls_back_candidate_after_durable_acceptance (test_collector_native_reliability.CollectorNativeReliabilityTests.test_cache_readback_failure_rolls_back_candidate_after_durable_acceptance) ... ok
test_canonical_change_comparison_ignores_observation_timestamp_only (test_collector_native_reliability.CollectorNativeReliabilityTests.test_canonical_change_comparison_ignores_observation_timestamp_only) ... ok
test_durable_publish_failure_preserves_both_last_good_cache_values (test_collector_native_reliability.CollectorNativeReliabilityTests.test_durable_publish_failure_preserves_both_last_good_cache_values) ... ok
test_failed_dependency_blocks_events_but_does_not_block_independent_source (test_collector_native_reliability.CollectorNativeReliabilityTests.test_failed_dependency_blocks_events_but_does_not_block_independent_source) ... ok
test_failure_diagnostic_drops_raw_message_and_untrusted_url_parts (test_collector_native_reliability.CollectorNativeReliabilityTests.test_failure_diagnostic_drops_raw_message_and_untrusted_url_parts) ... ok
test_http_503_durable_receipt_is_trusted_only_for_matching_candidate_clock (test_collector_native_reliability.CollectorNativeReliabilityTests.test_http_503_durable_receipt_is_trusted_only_for_matching_candidate_clock) ... ok
test_incremental_canonical_write_failure_retains_pending_fact_for_same_bucket_retry (test_collector_native_reliability.CollectorNativeReliabilityTests.test_incremental_canonical_write_failure_retains_pending_fact_for_same_bucket_retry) ... ok
test_incremental_empty_scan_does_not_advance_global_snapshot (test_collector_native_reliability.CollectorNativeReliabilityTests.test_incremental_empty_scan_does_not_advance_global_snapshot) ... ok
test_incremental_pending_write_failure_keeps_candidate_retryable (test_collector_native_reliability.CollectorNativeReliabilityTests.test_incremental_pending_write_failure_keeps_candidate_retryable) ... ok
test_incremental_revision_keeps_last_complete_anchor_and_inherits_known_failures (test_collector_native_reliability.CollectorNativeReliabilityTests.test_incremental_revision_keeps_last_complete_anchor_and_inherits_known_failures) ... ok
test_incremental_same_facts_with_new_observed_at_does_not_publish (test_collector_native_reliability.CollectorNativeReliabilityTests.test_incremental_same_facts_with_new_observed_at_does_not_publish) ... ok
test_missing_canonical_shard_with_confirmed_snapshot_never_falls_back_to_seed (test_collector_native_reliability.CollectorNativeReliabilityTests.test_missing_canonical_shard_with_confirmed_snapshot_never_falls_back_to_seed) ... ok
test_real_tjmugh_adapter_reverification_changes_no_canonical_facts (test_collector_native_reliability.CollectorNativeReliabilityTests.test_real_tjmugh_adapter_reverification_changes_no_canonical_facts) ... ok
test_run_stage_completion_status_write_failure_is_structured_503 (test_collector_native_reliability.CollectorNativeReliabilityTests.test_run_stage_completion_status_write_failure_is_structured_503) ... ok
test_run_stage_keeps_source_failure_when_failure_status_write_fails (test_collector_native_reliability.CollectorNativeReliabilityTests.test_run_stage_keeps_source_failure_when_failure_status_write_fails) ... ok
test_run_stage_reports_matching_durable_acceptance_after_http_failure (test_collector_native_reliability.CollectorNativeReliabilityTests.test_run_stage_reports_matching_durable_acceptance_after_http_failure) ... ok
test_run_stage_reports_state_read_failure_as_structured_503 (test_collector_native_reliability.CollectorNativeReliabilityTests.test_run_stage_reports_state_read_failure_as_structured_503) ... ok
test_terminal_failure_advances_queue_without_starting_intraday (test_collector_native_reliability.CollectorNativeReliabilityTests.test_terminal_failure_advances_queue_without_starting_intraday) ... ok
test_wrapped_http_403_codes_map_to_access_denied (test_collector_native_reliability.CollectorNativeReliabilityTests.test_wrapped_http_403_codes_map_to_access_denied) ... ok
test_zero_opportunity_pool_acknowledgement_is_valid (test_collector_native_reliability.CollectorNativeReliabilityTests.test_zero_opportunity_pool_acknowledgement_is_valid) ... ok

----------------------------------------------------------------------
Ran 20 tests in 0.016s

OK
