vite v7.3.2 building client environment for production...
transforming...
✓ 1948 modules transformed.
rendering chunks...
[plugin vite:reporter] 
(!) /workspace/medical-pr74-evidence/web/src/services/localFollowupStore.ts is dynamically imported by /workspace/medical-pr74-evidence/web/src/components/layout/AppLayout.tsx but also statically imported by /workspace/medical-pr74-evidence/web/src/pages/OpportunityDetailPage.tsx, /workspace/medical-pr74-evidence/web/src/pages/OpportunityPoolPage.tsx, /workspace/medical-pr74-evidence/web/src/services/StaticSnapshotTodayActionsService.ts, /workspace/medical-pr74-evidence/web/src/services/followedApi.ts, /workspace/medical-pr74-evidence/web/src/services/outcomeSummaryApi.ts, /workspace/medical-pr74-evidence/web/src/services/reminderApi.ts, /workspace/medical-pr74-evidence/web/src/services/verifiedOpportunityPool.ts, dynamic import will not move module into another chunk.

computing gzip size...
dist/index.html                                              0.62 kB │ gzip:   0.38 kB
dist/assets/index-BblLVGwq.css                              45.24 kB │ gzip:   8.72 kB
dist/assets/external-link-DMH__FMe.js                        0.25 kB │ gzip:   0.20 kB
dist/assets/triangle-alert-CPmdl7nK.js                       0.27 kB │ gzip:   0.21 kB
dist/assets/bookmark-plus-_XaNtuNs.js                        0.31 kB │ gzip:   0.23 kB
dist/assets/shield-check-DIaBOWsm.js                         0.32 kB │ gzip:   0.25 kB
dist/assets/gavel-CaMgW2SO.js                                0.32 kB │ gzip:   0.23 kB
dist/assets/save-Daf5TM39.js                                 0.33 kB │ gzip:   0.23 kB
dist/assets/search-CeLCS_Oq.js                               0.38 kB │ gzip:   0.28 kB
dist/assets/trash-2-CtTALNZG.js                              0.43 kB │ gzip:   0.26 kB
dist/assets/verifiedSnapshotClient-CyAi8ZWu.js               2.35 kB │ gzip:   1.16 kB
dist/assets/profileApi-Cg2va5JW.js                           3.06 kB │ gzip:   1.06 kB
dist/assets/RuntimeTrialTodayActionsService-ndpuSvYH.js      3.14 kB │ gzip:   1.42 kB
dist/assets/discoveryContinuationLedger-0QG6VSPt.js          4.62 kB │ gzip:   1.70 kB
dist/assets/verifiedOpportunityPool-4gnLxxog.js              6.71 kB │ gzip:   2.63 kB
dist/assets/LoginPage-BZc_498j.js                            6.85 kB │ gzip:   2.81 kB
dist/assets/localCustomerProfile-D18BtuF4.js                 7.99 kB │ gzip:   3.11 kB
dist/assets/aiDecisionApi-B4tIPFJt.js                        8.16 kB │ gzip:   3.53 kB
dist/assets/OfficialNoticeBanner-DQLcosdk.js                 8.70 kB │ gzip:   3.48 kB
dist/assets/TargetHospitalsPage-C-vFrE_l.js                  9.43 kB │ gzip:   3.62 kB
dist/assets/ResourcesPage-fPf_Inzp.js                       10.08 kB │ gzip:   3.21 kB
dist/assets/OutreachDrawer-CnI4lFde.js                      12.16 kB │ gzip:   4.72 kB
dist/assets/StaticSnapshotTodayActionsService-BUzXivP_.js   12.27 kB │ gzip:   5.13 kB
dist/assets/MockTodayActionsService-a6H4YSuA.js             13.13 kB │ gzip:   5.00 kB
dist/assets/followedApi-D_0o6g9H.js                         14.37 kB │ gzip:   4.89 kB
dist/assets/ProcurementIntentFollowupPage-CdqhoXjW.js       20.26 kB │ gzip:   7.85 kB
dist/assets/FollowedPage-DjYlE9zu.js                        21.73 kB │ gzip:   7.70 kB
dist/assets/PilotResourcesPage-BBvCuoEC.js                  23.18 kB │ gzip:   6.76 kB
dist/assets/OpportunityPoolPage-CKI-WP3H.js                 24.81 kB │ gzip:   8.22 kB
dist/assets/OpportunityDetailPage-D8hNMeLO.js               52.86 kB │ gzip:  16.75 kB
dist/assets/DiscoveryRadarRoute-hb_CIO5T.js                 58.22 kB │ gzip:  17.58 kB
dist/assets/index-9N-A_8_j.js                              360.91 kB │ gzip: 116.30 kB
✓ built in 2.92s
