test_unsupported_currency_scale_percentage_and_negative_are_unknown (test_pr74_evidence_boundaries.EvidenceBoundaryRegressionTests.test_unsupported_currency_scale_percentage_and_negative_are_unknown) ... 
  test_unsupported_currency_scale_percentage_and_negative_are_unknown (test_pr74_evidence_boundaries.EvidenceBoundaryRegressionTests.test_unsupported_currency_scale_percentage_and_negative_are_unknown) (body='10亿元') ... FAIL
  test_unsupported_currency_scale_percentage_and_negative_are_unknown (test_pr74_evidence_boundaries.EvidenceBoundaryRegressionTests.test_unsupported_currency_scale_percentage_and_negative_are_unknown) (body='10美元') ... FAIL
  test_unsupported_currency_scale_percentage_and_negative_are_unknown (test_pr74_evidence_boundaries.EvidenceBoundaryRegressionTests.test_unsupported_currency_scale_percentage_and_negative_are_unknown) (body='10欧元') ... FAIL
  test_unsupported_currency_scale_percentage_and_negative_are_unknown (test_pr74_evidence_boundaries.EvidenceBoundaryRegressionTests.test_unsupported_currency_scale_percentage_and_negative_are_unknown) (body='100%') ... FAIL
  test_unsupported_currency_scale_percentage_and_negative_are_unknown (test_pr74_evidence_boundaries.EvidenceBoundaryRegressionTests.test_unsupported_currency_scale_percentage_and_negative_are_unknown) (body='-10元') ... FAIL
test_price_cannot_use_an_unverified_or_contradictory_bound (test_pr74_evidence_boundaries.EvidenceBoundaryRegressionTests.test_price_cannot_use_an_unverified_or_contradictory_bound) ... FAIL

======================================================================
FAIL: test_unsupported_currency_scale_percentage_and_negative_are_unknown (test_pr74_evidence_boundaries.EvidenceBoundaryRegressionTests.test_unsupported_currency_scale_percentage_and_negative_are_unknown) (body='10亿元')
----------------------------------------------------------------------
Traceback (most recent call last):
  File "/workspace/medical-pr74-evidence/web/pipeline/tests/test_pr74_evidence_boundaries.py", line 31, in test_unsupported_currency_scale_percentage_and_negative_are_unknown
    self.assertIsNone(_parse_amount_cny(body, header_hint='单价(元)'))
AssertionError: 10 is not None

======================================================================
FAIL: test_unsupported_currency_scale_percentage_and_negative_are_unknown (test_pr74_evidence_boundaries.EvidenceBoundaryRegressionTests.test_unsupported_currency_scale_percentage_and_negative_are_unknown) (body='10美元')
----------------------------------------------------------------------
Traceback (most recent call last):
  File "/workspace/medical-pr74-evidence/web/pipeline/tests/test_pr74_evidence_boundaries.py", line 31, in test_unsupported_currency_scale_percentage_and_negative_are_unknown
    self.assertIsNone(_parse_amount_cny(body, header_hint='单价(元)'))
AssertionError: 10 is not None

======================================================================
FAIL: test_unsupported_currency_scale_percentage_and_negative_are_unknown (test_pr74_evidence_boundaries.EvidenceBoundaryRegressionTests.test_unsupported_currency_scale_percentage_and_negative_are_unknown) (body='10欧元')
----------------------------------------------------------------------
Traceback (most recent call last):
  File "/workspace/medical-pr74-evidence/web/pipeline/tests/test_pr74_evidence_boundaries.py", line 31, in test_unsupported_currency_scale_percentage_and_negative_are_unknown
    self.assertIsNone(_parse_amount_cny(body, header_hint='单价(元)'))
AssertionError: 10 is not None

======================================================================
FAIL: test_unsupported_currency_scale_percentage_and_negative_are_unknown (test_pr74_evidence_boundaries.EvidenceBoundaryRegressionTests.test_unsupported_currency_scale_percentage_and_negative_are_unknown) (body='100%')
----------------------------------------------------------------------
Traceback (most recent call last):
  File "/workspace/medical-pr74-evidence/web/pipeline/tests/test_pr74_evidence_boundaries.py", line 31, in test_unsupported_currency_scale_percentage_and_negative_are_unknown
    self.assertIsNone(_parse_amount_cny(body, header_hint='单价(元)'))
AssertionError: 100 is not None

======================================================================
FAIL: test_unsupported_currency_scale_percentage_and_negative_are_unknown (test_pr74_evidence_boundaries.EvidenceBoundaryRegressionTests.test_unsupported_currency_scale_percentage_and_negative_are_unknown) (body='-10元')
----------------------------------------------------------------------
Traceback (most recent call last):
  File "/workspace/medical-pr74-evidence/web/pipeline/tests/test_pr74_evidence_boundaries.py", line 31, in test_unsupported_currency_scale_percentage_and_negative_are_unknown
    self.assertIsNone(_parse_amount_cny(body, header_hint='单价(元)'))
AssertionError: 10 is not None

======================================================================
FAIL: test_price_cannot_use_an_unverified_or_contradictory_bound (test_pr74_evidence_boundaries.EvidenceBoundaryRegressionTests.test_price_cannot_use_an_unverified_or_contradictory_bound)
----------------------------------------------------------------------
Traceback (most recent call last):
  File "/workspace/medical-pr74-evidence/web/pipeline/tests/test_pr74_evidence_boundaries.py", line 62, in test_price_cannot_use_an_unverified_or_contradictory_bound
    self.assertIsNone(public_award_ledger_entry(award, AS_OF)['items'][0]['unit_price_cny'])
AssertionError: 1000 is not None

----------------------------------------------------------------------
Ran 2 tests in 0.012s

FAILED (failures=6)
